[25-Oct-2025 11:00:38 Asia/Ho_Chi_Minh] Successfully updated ownership for registration_id=1 to user_id=92
[25-Oct-2025 11:12:20 Asia/Ho_Chi_Minh] RTK API Failed (Update Password): HTTP 405 - {"timestamp":1761365540939,"status":405,"error":"Method Not Allowed","message":"","path":"\/openapi\/broadcast\/users"}
[25-Oct-2025 11:12:20 Asia/Ho_Chi_Minh] Update password failed on RTK API: HTTP Error: 405
[25-Oct-2025 11:19:17 Asia/Ho_Chi_Minh] RTK API Failed (Update Password): HTTP 401 - {"code":"CGBAS01000004","msg":"Not logged in or login expired"}
[25-Oct-2025 11:19:17 Asia/Ho_Chi_Minh] Update password failed on RTK API: Not logged in or login expired
[25-Oct-2025 11:21:33 Asia/Ho_Chi_Minh] RTK API Failed (Update Password): HTTP 405 - {"timestamp":1761366093213,"status":405,"error":"Method Not Allowed","message":"","path":"\/openapi\/broadcast\/users"}
[25-Oct-2025 11:21:33 Asia/Ho_Chi_Minh] Update password failed on RTK API: HTTP Error: 405
[25-Oct-2025 11:22:55 Asia/Ho_Chi_Minh] RTK API Success (Update Password): Username=admin2, RTK_ID=1940783543215144962
[25-Oct-2025 11:22:55 Asia/Ho_Chi_Minh] Password updated successfully for account: admin2 (ID: 1940783543215144962, RTK_ID: 1940783543215144962)
[25-Oct-2025 11:23:52 Asia/Ho_Chi_Minh] RTK API Success (Update Password): Username=admin2, RTK_ID=1940783543215144962
[25-Oct-2025 11:23:52 Asia/Ho_Chi_Minh] Password updated successfully for account: admin2 (ID: 1940783543215144962, RTK_ID: 1940783543215144962)
[29-Oct-2025 14:07:07 Asia/Ho_Chi_Minh] PHP Error [2]: ini_set(): Session ini settings cannot be changed after headers have already been sent in C:\laragon\www\02062025_user_web\private\utils\session_middleware.php on line 27
[29-Oct-2025 14:07:07 Asia/Ho_Chi_Minh] PHP Warning:  Undefined array key "HTTP_HOST" in C:\laragon\www\02062025_user_web\private\utils\path_helpers\path_utils.php on line 52
[29-Oct-2025 14:07:07 Asia/Ho_Chi_Minh] PHP Warning:  Cannot modify header information - headers already sent by (output started at C:\laragon\www\02062025_user_web\private\utils\path_helpers\path_utils.php:52) in C:\laragon\www\02062025_user_web\private\config\config.php on line 44
[29-Oct-2025 14:21:17 Asia/Ho_Chi_Minh] Error fetching user rankings: SQLSTATE[42000]: Syntax error or access violation: 1064 You have an error in your SQL syntax; check the manual that corresponds to your MySQL server version for the right syntax to use near 'rank
                FROM 
                    user_ranking
                W' at line 2
[01-Nov-2025 09:40:46 Asia/Ho_Chi_Minh] Error fetching user rankings: SQLSTATE[42000]: Syntax error or access violation: 1064 You have an error in your SQL syntax; check the manual that corresponds to your MySQL server version for the right syntax to use near 'rank
                FROM 
                    user_ranking
                W' at line 2
[01-Nov-2025 09:41:28 Asia/Ho_Chi_Minh] Error fetching user rankings: SQLSTATE[42000]: Syntax error or access violation: 1064 You have an error in your SQL syntax; check the manual that corresponds to your MySQL server version for the right syntax to use near 'rank
                FROM 
                    user_ranking
                W' at line 2
[01-Nov-2025 09:42:17 Asia/Ho_Chi_Minh] Using base price from payment_data: 1600000
[01-Nov-2025 09:42:17 Asia/Ho_Chi_Minh] Auto Voucher: Found registration info - Package: 1, Location: [4], Accounts: 2
[01-Nov-2025 09:45:42 Asia/Ho_Chi_Minh] Using base price from payment_data: 1600000
[01-Nov-2025 09:45:42 Asia/Ho_Chi_Minh] Auto Voucher: Found registration info - Package: 1, Location: [4], Accounts: 2
[01-Nov-2025 09:46:10 Asia/Ho_Chi_Minh] Using base price from payment_data: 1600000
[01-Nov-2025 09:46:10 Asia/Ho_Chi_Minh] Auto Voucher: Found registration info - Package: 1, Location: [4], Accounts: 2
[01-Nov-2025 09:46:21 Asia/Ho_Chi_Minh] Using base price from payment_data: 1600000
[01-Nov-2025 09:46:21 Asia/Ho_Chi_Minh] Auto Voucher: Found registration info - Package: 1, Location: [4], Accounts: 1
[01-Nov-2025 09:49:00 Asia/Ho_Chi_Minh] Using base price from payment_data: 800000
[01-Nov-2025 09:49:01 Asia/Ho_Chi_Minh] Auto Voucher: Found registration info - Package: 1, Location: [4], Accounts: 1
[01-Nov-2025 09:49:02 Asia/Ho_Chi_Minh] Voucher calculation: Original: 800000, Discount: 800000, New Amount: 0, Type: percentage_discount
[01-Nov-2025 10:39:28 Asia/Ho_Chi_Minh] Using base price from payment_data: 800000
[01-Nov-2025 10:39:28 Asia/Ho_Chi_Minh] Auto Voucher: Found registration info - Package: 1, Location: [1], Accounts: 1
[01-Nov-2025 10:44:26 Asia/Ho_Chi_Minh] Using base price from payment_data: 800000
[01-Nov-2025 10:44:26 Asia/Ho_Chi_Minh] Auto Voucher: Found registration info - Package: 1, Location: [1], Accounts: 1
[01-Nov-2025 10:50:25 Asia/Ho_Chi_Minh] Using base price from payment_data: 800000
[01-Nov-2025 10:50:25 Asia/Ho_Chi_Minh] Auto Voucher: Found registration info - Package: 1, Location: [4], Accounts: 1
[01-Nov-2025 10:50:35 Asia/Ho_Chi_Minh] Voucher calculation: Original: 800000, Discount: 800000, New Amount: 0, Type: percentage_discount
[01-Nov-2025 10:50:53 Asia/Ho_Chi_Minh] Using base price from payment_data: 800000
[01-Nov-2025 10:50:53 Asia/Ho_Chi_Minh] Auto Voucher: Found registration info - Package: 1, Location: [4], Accounts: 1
[01-Nov-2025 11:03:36 Asia/Ho_Chi_Minh] Using base price from payment_data: 800000
[01-Nov-2025 11:03:36 Asia/Ho_Chi_Minh] Auto Voucher: Found registration info - Package: 1, Location: [2], Accounts: 1
[01-Nov-2025 11:04:43 Asia/Ho_Chi_Minh] Using base price from payment_data: 800000
[01-Nov-2025 11:04:43 Asia/Ho_Chi_Minh] Auto Voucher: Found registration info - Package: 1, Location: [2], Accounts: 1
[01-Nov-2025 11:07:18 Asia/Ho_Chi_Minh] Using base price from payment_data: 800000
[01-Nov-2025 11:07:18 Asia/Ho_Chi_Minh] Auto Voucher: Found registration info - Package: 1, Location: [2], Accounts: 1
[01-Nov-2025 11:10:17 Asia/Ho_Chi_Minh] Using base price from payment_data: 800000
[01-Nov-2025 11:10:17 Asia/Ho_Chi_Minh] Auto Voucher: Found registration info - Package: 1, Location: [2], Accounts: 1
[01-Nov-2025 11:12:38 Asia/Ho_Chi_Minh] Using base price from payment_data: 800000
[01-Nov-2025 11:12:38 Asia/Ho_Chi_Minh] Auto Voucher: Found registration info - Package: 1, Location: [1, 15], Accounts: 2
[01-Nov-2025 11:17:10 Asia/Ho_Chi_Minh] Using base price from payment_data: 1600000
[01-Nov-2025 11:17:10 Asia/Ho_Chi_Minh] Auto Voucher: Found registration info - Package: 1, Location: [1, 15], Accounts: 2
[01-Nov-2025 11:18:48 Asia/Ho_Chi_Minh] Using base price from payment_data: 1600000
[01-Nov-2025 11:18:48 Asia/Ho_Chi_Minh] Auto Voucher: Found registration info - Package: 1, Location: [1, 3], Accounts: 1
[01-Nov-2025 11:18:53 Asia/Ho_Chi_Minh] Voucher calculation: Original: 800000, Discount: 800000, New Amount: 0, Type: percentage_discount
[01-Nov-2025 11:20:51 Asia/Ho_Chi_Minh] Using base price from payment_data: 800000
[01-Nov-2025 11:20:51 Asia/Ho_Chi_Minh] Auto Voucher: Found registration info - Package: 1, Location: [1, 2, 3], Accounts: 1
[01-Nov-2025 11:20:51 Asia/Ho_Chi_Minh] PaymentService: Price mismatch session (0) vs DB (800000) for registration ID 10361.
[01-Nov-2025 11:26:21 Asia/Ho_Chi_Minh] Voucher calculation: Original: 800000, Discount: 800000, New Amount: 0, Type: percentage_discount
[01-Nov-2025 11:32:16 Asia/Ho_Chi_Minh] Using base price from payment_data: 800000
[01-Nov-2025 11:32:16 Asia/Ho_Chi_Minh] Auto Voucher: Found registration info - Package: 1, Location: [3], Accounts: 1
[01-Nov-2025 11:32:17 Asia/Ho_Chi_Minh] PaymentService: Price mismatch session (0) vs DB (800000) for registration ID 10362.
[01-Nov-2025 11:32:27 Asia/Ho_Chi_Minh] Voucher calculation: Original: 800000, Discount: 800000, New Amount: 0, Type: percentage_discount
[01-Nov-2025 11:32:30 Asia/Ho_Chi_Minh] Using base price from payment_data: 800000
[01-Nov-2025 11:32:30 Asia/Ho_Chi_Minh] Auto Voucher: Found registration info - Package: 1, Location: [3], Accounts: 1
